Archive member included to satisfy reference by file (symbol)

<TOOLCHAIN>/bin/../lib/gcc/msp430-elf/9.3.1/libgcc.a(lib2divSI.o)
                              lcd_de188.c.o (__mspabi_divul)
<TOOLCHAIN>/bin/../lib/gcc/msp430-elf/9.3.1/libgcc.a(srai.o)
                              <TOOLCHAIN>/bin/../lib/gcc/msp430-elf/9.3.1/libgcc.a(lib2divSI.o) (__mspabi_sral)
<TOOLCHAIN>/bin/../lib/gcc/msp430-elf/9.3.1/libgcc.a(_udivdi3.o)
                              <TOOLCHAIN>/bin/../lib/gcc/msp430-elf/9.3.1/libgcc.a(lib2divSI.o) (__mspabi_divull)
<TOOLCHAIN>/bin/../lib/gcc/msp430-elf/9.3.1/libgcc.a(slli.o)
                              <TOOLCHAIN>/bin/../lib/gcc/msp430-elf/9.3.1/libgcc.a(_udivdi3.o) (__mspabi_sllll)
<TOOLCHAIN>/bin/../lib/gcc/msp430-elf/9.3.1/libgcc.a(srli.o)
                              <TOOLCHAIN>/bin/../lib/gcc/msp430-elf/9.3.1/libgcc.a(_udivdi3.o) (__mspabi_srlll)
<TOOLCHAIN>/bin/../lib/gcc/msp430-elf/9.3.1/libgcc.a(_clzdi2.o)
                              <TOOLCHAIN>/bin/../lib/gcc/msp430-elf/9.3.1/libgcc.a(_udivdi3.o) (__clzdi2)
<TOOLCHAIN>/bin/../lib/gcc/msp430-elf/9.3.1/libgcc.a(_clz.o)
                              <TOOLCHAIN>/bin/../lib/gcc/msp430-elf/9.3.1/libgcc.a(_clzdi2.o) (__clz_tab)
<TOOLCHAIN>/bin/../lib/gcc/msp430-elf/9.3.1/../../../../msp430-elf/lib/libc.a(lib_a-memcpy.o)
                              main_msp430.c.o (memcpy)
<TOOLCHAIN>/bin/../lib/gcc/msp430-elf/9.3.1/../../../../msp430-elf/lib/libc.a(lib_a-memset.o)
                              counter.c.o (memset)
<TOOLCHAIN>/bin/../lib/gcc/msp430-elf/9.3.1/../../../../msp430-elf/lib/libcrt.a(crt_bss.o)
                              main_msp430.c.o (__crt0_init_bss)
<TOOLCHAIN>/bin/../lib/gcc/msp430-elf/9.3.1/../../../../msp430-elf/lib/libcrt.a(crt_main.o)
                              <TOOLCHAIN>/bin/../lib/gcc/msp430-elf/9.3.1/../../../../msp430-elf/lib/crt0.o (__crt0_call_main)

Discarded input sections

 .text          0x0000000000000000        0x0 <TOOLCHAIN>/bin/../lib/gcc/msp430-elf/9.3.1/../../../../msp430-elf/lib/crt0.o
 .data          0x0000000000000000        0x0 <TOOLCHAIN>/bin/../lib/gcc/msp430-elf/9.3.1/../../../../msp430-elf/lib/crt0.o
 .bss           0x0000000000000000        0x0 <TOOLCHAIN>/bin/../lib/gcc/msp430-elf/9.3.1/../../../../msp430-elf/lib/crt0.o
 .text          0x0000000000000000        0x0 <TOOLCHAIN>/bin/../lib/gcc/msp430-elf/9.3.1/crtbegin_no_eh.o
 .data          0x0000000000000000        0x0 <TOOLCHAIN>/bin/../lib/gcc/msp430-elf/9.3.1/crtbegin_no_eh.o
 .bss           0x0000000000000000        0x0 <TOOLCHAIN>/bin/../lib/gcc/msp430-elf/9.3.1/crtbegin_no_eh.o
 .comment       0x0000000000000000       0x3a <TOOLCHAIN>/bin/../lib/gcc/msp430-elf/9.3.1/crtbegin_no_eh.o
 .text          0x0000000000000000        0x0 main_msp430.c.o
 .data          0x0000000000000000        0x0 main_msp430.c.o
 .bss           0x0000000000000000        0x0 main_msp430.c.o
 .text          0x0000000000000000        0x0 counter.c.o
 .data          0x0000000000000000        0x0 counter.c.o
 .bss           0x0000000000000000        0x0 counter.c.o
 .text          0x0000000000000000        0x0 lcd_de188.c.o
 .data          0x0000000000000000        0x0 lcd_de188.c.o
 .bss           0x0000000000000000        0x0 lcd_de188.c.o
 .text          0x0000000000000000        0x4 <TOOLCHAIN>/bin/../lib/gcc/msp430-elf/9.3.1/libgcc.a(lib2divSI.o)
 .data          0x0000000000000000        0x0 <TOOLCHAIN>/bin/../lib/gcc/msp430-elf/9.3.1/libgcc.a(lib2divSI.o)
 .bss           0x0000000000000000        0x0 <TOOLCHAIN>/bin/../lib/gcc/msp430-elf/9.3.1/libgcc.a(lib2divSI.o)
 .text.__divsi3
                0x0000000000000000       0x48 <TOOLCHAIN>/bin/../lib/gcc/msp430-elf/9.3.1/libgcc.a(lib2divSI.o)
 .text.__modsi3
                0x0000000000000000       0x5a <TOOLCHAIN>/bin/../lib/gcc/msp430-elf/9.3.1/libgcc.a(lib2divSI.o)
 .text          0x0000000000000000        0x0 <TOOLCHAIN>/bin/../lib/gcc/msp430-elf/9.3.1/libgcc.a(srai.o)
 .data          0x0000000000000000        0x0 <TOOLCHAIN>/bin/../lib/gcc/msp430-elf/9.3.1/libgcc.a(srai.o)
 .bss           0x0000000000000000        0x0 <TOOLCHAIN>/bin/../lib/gcc/msp430-elf/9.3.1/libgcc.a(srai.o)
 .text.__mspabi_srai_n
                0x0000000000000000       0x20 <TOOLCHAIN>/bin/../lib/gcc/msp430-elf/9.3.1/libgcc.a(srai.o)
 .text.__mspabi_srai
                0x0000000000000000        0xa <TOOLCHAIN>/bin/../lib/gcc/msp430-elf/9.3.1/libgcc.a(srai.o)
 .text.__gnu_mspabi_srap
                0x0000000000000000        0xe <TOOLCHAIN>/bin/../lib/gcc/msp430-elf/9.3.1/libgcc.a(srai.o)
 .text.__mspabi_sral_n
                0x0000000000000000       0x3e <TOOLCHAIN>/bin/../lib/gcc/msp430-elf/9.3.1/libgcc.a(srai.o)
 .text.__mspabi_sral
                0x0000000000000000        0xc <TOOLCHAIN>/bin/../lib/gcc/msp430-elf/9.3.1/libgcc.a(srai.o)
 .text.__mspabi_srall
                0x0000000000000000       0x1e <TOOLCHAIN>/bin/../lib/gcc/msp430-elf/9.3.1/libgcc.a(srai.o)
 .text          0x0000000000000000        0x0 <TOOLCHAIN>/bin/../lib/gcc/msp430-elf/9.3.1/libgcc.a(_udivdi3.o)
 .data          0x0000000000000000        0x0 <TOOLCHAIN>/bin/../lib/gcc/msp430-elf/9.3.1/libgcc.a(_udivdi3.o)
 .bss           0x0000000000000000        0x0 <TOOLCHAIN>/bin/../lib/gcc/msp430-elf/9.3.1/libgcc.a(_udivdi3.o)
 .text.__udivdi3
                0x0000000000000000      0x3f6 <TOOLCHAIN>/bin/../lib/gcc/msp430-elf/9.3.1/libgcc.a(_udivdi3.o)
 .text          0x0000000000000000        0x0 <TOOLCHAIN>/bin/../lib/gcc/msp430-elf/9.3.1/libgcc.a(slli.o)
 .data          0x0000000000000000        0x0 <TOOLCHAIN>/bin/../lib/gcc/msp430-elf/9.3.1/libgcc.a(slli.o)
 .bss           0x0000000000000000        0x0 <TOOLCHAIN>/bin/../lib/gcc/msp430-elf/9.3.1/libgcc.a(slli.o)
 .text.__mspabi_slli_n
                0x0000000000000000       0x20 <TOOLCHAIN>/bin/../lib/gcc/msp430-elf/9.3.1/libgcc.a(slli.o)
 .text.__mspabi_slli
                0x0000000000000000        0xa <TOOLCHAIN>/bin/../lib/gcc/msp430-elf/9.3.1/libgcc.a(slli.o)
 .text.__gnu_mspabi_sllp
                0x0000000000000000        0xc <TOOLCHAIN>/bin/../lib/gcc/msp430-elf/9.3.1/libgcc.a(slli.o)
 .text.__mspabi_slll_n
                0x0000000000000000       0x3e <TOOLCHAIN>/bin/../lib/gcc/msp430-elf/9.3.1/libgcc.a(slli.o)
 .text.__mspabi_slll
                0x0000000000000000        0xc <TOOLCHAIN>/bin/../lib/gcc/msp430-elf/9.3.1/libgcc.a(slli.o)
 .text.__mspabi_sllll
                0x0000000000000000       0x1e <TOOLCHAIN>/bin/../lib/gcc/msp430-elf/9.3.1/libgcc.a(slli.o)
 .text          0x0000000000000000        0x0 <TOOLCHAIN>/bin/../lib/gcc/msp430-elf/9.3.1/libgcc.a(srli.o)
 .data          0x0000000000000000        0x0 <TOOLCHAIN>/bin/../lib/gcc/msp430-elf/9.3.1/libgcc.a(srli.o)
 .bss           0x0000000000000000        0x0 <TOOLCHAIN>/bin/../lib/gcc/msp430-elf/9.3.1/libgcc.a(srli.o)
 .text.__mspabi_srli_n
                0x0000000000000000       0x3e <TOOLCHAIN>/bin/../lib/gcc/msp430-elf/9.3.1/libgcc.a(srli.o)
 .text.__mspabi_srli
                0x0000000000000000        0xc <TOOLCHAIN>/bin/../lib/gcc/msp430-elf/9.3.1/libgcc.a(srli.o)
 .text.__gnu_mspabi_srlp
                0x0000000000000000       0x10 <TOOLCHAIN>/bin/../lib/gcc/msp430-elf/9.3.1/libgcc.a(srli.o)
 .text.__mspabi_srll_n
                0x0000000000000000       0x5c <TOOLCHAIN>/bin/../lib/gcc/msp430-elf/9.3.1/libgcc.a(srli.o)
 .text.__mspabi_srll
                0x0000000000000000        0xe <TOOLCHAIN>/bin/../lib/gcc/msp430-elf/9.3.1/libgcc.a(srli.o)
 .text.__mspabi_srlll
                0x0000000000000000       0x20 <TOOLCHAIN>/bin/../lib/gcc/msp430-elf/9.3.1/libgcc.a(srli.o)
 .text          0x0000000000000000        0x0 <TOOLCHAIN>/bin/../lib/gcc/msp430-elf/9.3.1/libgcc.a(_clzdi2.o)
 .data          0x0000000000000000        0x0 <TOOLCHAIN>/bin/../lib/gcc/msp430-elf/9.3.1/libgcc.a(_clzdi2.o)
 .bss           0x0000000000000000        0x0 <TOOLCHAIN>/bin/../lib/gcc/msp430-elf/9.3.1/libgcc.a(_clzdi2.o)
 .text.__clzdi2
                0x0000000000000000       0x60 <TOOLCHAIN>/bin/../lib/gcc/msp430-elf/9.3.1/libgcc.a(_clzdi2.o)
 .comment       0x0000000000000000       0x3a <TOOLCHAIN>/bin/../lib/gcc/msp430-elf/9.3.1/libgcc.a(_clzdi2.o)
 .text          0x0000000000000000        0x0 <TOOLCHAIN>/bin/../lib/gcc/msp430-elf/9.3.1/libgcc.a(_clz.o)
 .data          0x0000000000000000        0x0 <TOOLCHAIN>/bin/../lib/gcc/msp430-elf/9.3.1/libgcc.a(_clz.o)
 .bss           0x0000000000000000        0x0 <TOOLCHAIN>/bin/../lib/gcc/msp430-elf/9.3.1/libgcc.a(_clz.o)
 .rodata.__clz_tab
                0x0000000000000000      0x100 <TOOLCHAIN>/bin/../lib/gcc/msp430-elf/9.3.1/libgcc.a(_clz.o)
 .comment       0x0000000000000000       0x3a <TOOLCHAIN>/bin/../lib/gcc/msp430-elf/9.3.1/libgcc.a(_clz.o)
 .text          0x0000000000000000        0x0 <TOOLCHAIN>/bin/../lib/gcc/msp430-elf/9.3.1/../../../../msp430-elf/lib/libc.a(lib_a-memcpy.o)
 .data          0x0000000000000000        0x0 <TOOLCHAIN>/bin/../lib/gcc/msp430-elf/9.3.1/../../../../msp430-elf/lib/libc.a(lib_a-memcpy.o)
 .bss           0x0000000000000000        0x0 <TOOLCHAIN>/bin/../lib/gcc/msp430-elf/9.3.1/../../../../msp430-elf/lib/libc.a(lib_a-memcpy.o)
 .text          0x0000000000000000        0x0 <TOOLCHAIN>/bin/../lib/gcc/msp430-elf/9.3.1/../../../../msp430-elf/lib/libc.a(lib_a-memset.o)
 .data          0x0000000000000000        0x0 <TOOLCHAIN>/bin/../lib/gcc/msp430-elf/9.3.1/../../../../msp430-elf/lib/libc.a(lib_a-memset.o)
 .bss           0x0000000000000000        0x0 <TOOLCHAIN>/bin/../lib/gcc/msp430-elf/9.3.1/../../../../msp430-elf/lib/libc.a(lib_a-memset.o)
 .text          0x0000000000000000        0x0 <TOOLCHAIN>/bin/../lib/gcc/msp430-elf/9.3.1/../../../../msp430-elf/lib/libcrt.a(crt_bss.o)
 .data          0x0000000000000000        0x0 <TOOLCHAIN>/bin/../lib/gcc/msp430-elf/9.3.1/../../../../msp430-elf/lib/libcrt.a(crt_bss.o)
 .bss           0x0000000000000000        0x0 <TOOLCHAIN>/bin/../lib/gcc/msp430-elf/9.3.1/../../../../msp430-elf/lib/libcrt.a(crt_bss.o)
 .text          0x0000000000000000        0x0 <TOOLCHAIN>/bin/../lib/gcc/msp430-elf/9.3.1/../../../../msp430-elf/lib/libcrt.a(crt_main.o)
 .data          0x0000000000000000        0x0 <TOOLCHAIN>/bin/../lib/gcc/msp430-elf/9.3.1/../../../../msp430-elf/lib/libcrt.a(crt_main.o)
 .bss           0x0000000000000000        0x0 <TOOLCHAIN>/bin/../lib/gcc/msp430-elf/9.3.1/../../../../msp430-elf/lib/libcrt.a(crt_main.o)
 .text          0x0000000000000000        0x0 <TOOLCHAIN>/bin/../lib/gcc/msp430-elf/9.3.1/crtend_no_eh.o
 .data          0x0000000000000000        0x0 <TOOLCHAIN>/bin/../lib/gcc/msp430-elf/9.3.1/crtend_no_eh.o
 .bss           0x0000000000000000        0x0 <TOOLCHAIN>/bin/../lib/gcc/msp430-elf/9.3.1/crtend_no_eh.o
 .comment       0x0000000000000000       0x3a <TOOLCHAIN>/bin/../lib/gcc/msp430-elf/9.3.1/crtend_no_eh.o

Memory Configuration

Name             Origin             Length             Attributes
SFR              0x0000000000000000 0x0000000000000010
BSL              0x0000000000001000 0x0000000000000400
RAM              0x0000000000002000 0x0000000000000800
INFOMEM          0x0000000000001800 0x0000000000000200
INFOA            0x0000000000001800 0x0000000000000200
FRAM             0x000000000000c400 0x0000000000003b80 xr
JTAGSIGNATURE    0x000000000000ff80 0x0000000000000004
BSLSIGNATURE     0x000000000000ff84 0x0000000000000004
VECT1            0x000000000000ff88 0x0000000000000002
VECT2            0x000000000000ff8a 0x0000000000000002
VECT3            0x000000000000ff8c 0x0000000000000002
VECT4            0x000000000000ff8e 0x0000000000000002
VECT5            0x000000000000ff90 0x0000000000000002
VECT6            0x000000000000ff92 0x0000000000000002
VECT7            0x000000000000ff94 0x0000000000000002
VECT8            0x000000000000ff96 0x0000000000000002
VECT9            0x000000000000ff98 0x0000000000000002
VECT10           0x000000000000ff9a 0x0000000000000002
VECT11           0x000000000000ff9c 0x0000000000000002
VECT12           0x000000000000ff9e 0x0000000000000002
VECT13           0x000000000000ffa0 0x0000000000000002
VECT14           0x000000000000ffa2 0x0000000000000002
VECT15           0x000000000000ffa4 0x0000000000000002
VECT16           0x000000000000ffa6 0x0000000000000002
VECT17           0x000000000000ffa8 0x0000000000000002
VECT18           0x000000000000ffaa 0x0000000000000002
VECT19           0x000000000000ffac 0x0000000000000002
VECT20           0x000000000000ffae 0x0000000000000002
VECT21           0x000000000000ffb0 0x0000000000000002
VECT22           0x000000000000ffb2 0x0000000000000002
VECT23           0x000000000000ffb4 0x0000000000000002
VECT24           0x000000000000ffb6 0x0000000000000002
VECT25           0x000000000000ffb8 0x0000000000000002
VECT26           0x000000000000ffba 0x0000000000000002
VECT27           0x000000000000ffbc 0x0000000000000002
VECT28           0x000000000000ffbe 0x0000000000000002
VECT29           0x000000000000ffc0 0x0000000000000002
VECT30           0x000000000000ffc2 0x0000000000000002
VECT31           0x000000000000ffc4 0x0000000000000002
VECT32           0x000000000000ffc6 0x0000000000000002
VECT33           0x000000000000ffc8 0x0000000000000002
VECT34           0x000000000000ffca 0x0000000000000002
VECT35           0x000000000000ffcc 0x0000000000000002
VECT36           0x000000000000ffce 0x0000000000000002
VECT37           0x000000000000ffd0 0x0000000000000002
VECT38           0x000000000000ffd2 0x0000000000000002
VECT39           0x000000000000ffd4 0x0000000000000002
VECT40           0x000000000000ffd6 0x0000000000000002
VECT41           0x000000000000ffd8 0x0000000000000002
VECT42           0x000000000000ffda 0x0000000000000002
VECT43           0x000000000000ffdc 0x0000000000000002
VECT44           0x000000000000ffde 0x0000000000000002
VECT45           0x000000000000ffe0 0x0000000000000002
VECT46           0x000000000000ffe2 0x0000000000000002
VECT47           0x000000000000ffe4 0x0000000000000002
VECT48           0x000000000000ffe6 0x0000000000000002
VECT49           0x000000000000ffe8 0x0000000000000002
VECT50           0x000000000000ffea 0x0000000000000002
VECT51           0x000000000000ffec 0x0000000000000002
VECT52           0x000000000000ffee 0x0000000000000002
VECT53           0x000000000000fff0 0x0000000000000002
VECT54           0x000000000000fff2 0x0000000000000002
VECT55           0x000000000000fff4 0x0000000000000002
VECT56           0x000000000000fff6 0x0000000000000002
VECT57           0x000000000000fff8 0x0000000000000002
VECT58           0x000000000000fffa 0x0000000000000002
VECT59           0x000000000000fffc 0x0000000000000002
RESETVEC         0x000000000000fffe 0x0000000000000002
*default*        0x0000000000000000 0xffffffffffffffff

Linker script and memory map

LOAD <TOOLCHAIN>/bin/../lib/gcc/msp430-elf/9.3.1/../../../../msp430-elf/lib/crt0.o
LOAD <TOOLCHAIN>/bin/../lib/gcc/msp430-elf/9.3.1/crtbegin_no_eh.o
LOAD main_msp430.c.o
LOAD counter.c.o
LOAD lcd_de188.c.o
LOAD <TOOLCHAIN>/bin/../lib/gcc/msp430-elf/9.3.1/libgcc.a
START GROUP
LOAD <TOOLCHAIN>/bin/../lib/gcc/msp430-elf/9.3.1/libmul_none.a
LOAD <TOOLCHAIN>/bin/../lib/gcc/msp430-elf/9.3.1/../../../../msp430-elf/lib/libc.a
LOAD <TOOLCHAIN>/bin/../lib/gcc/msp430-elf/9.3.1/libgcc.a
LOAD <TOOLCHAIN>/bin/../lib/gcc/msp430-elf/9.3.1/../../../../msp430-elf/lib/libcrt.a
LOAD <TOOLCHAIN>/bin/../lib/gcc/msp430-elf/9.3.1/../../../../msp430-elf/lib/libnosys.a
END GROUP

.jtagsignature

.bslsignature

__interrupt_vector_1
 *(__interrupt_vector_1)

__interrupt_vector_2
 *(__interrupt_vector_2)

__interrupt_vector_3
 *(__interrupt_vector_3)

__interrupt_vector_4
 *(__interrupt_vector_4)

__interrupt_vector_5
 *(__interrupt_vector_5)

__interrupt_vector_6
 *(__interrupt_vector_6)

__interrupt_vector_7
 *(__interrupt_vector_7)

__interrupt_vector_8
 *(__interrupt_vector_8)

__interrupt_vector_9
 *(__interrupt_vector_9)

__interrupt_vector_10
 *(__interrupt_vector_10)

__interrupt_vector_11
 *(__interrupt_vector_11)

__interrupt_vector_12
 *(__interrupt_vector_12)

__interrupt_vector_13
 *(__interrupt_vector_13)

__interrupt_vector_14
 *(__interrupt_vector_14)

__interrupt_vector_15
 *(__interrupt_vector_15)

__interrupt_vector_16
 *(__interrupt_vector_16)

__interrupt_vector_17
 *(__interrupt_vector_17)

__interrupt_vector_18
 *(__interrupt_vector_18)

__interrupt_vector_19
 *(__interrupt_vector_19)

__interrupt_vector_20
 *(__interrupt_vector_20)

__interrupt_vector_21
 *(__interrupt_vector_21)

__interrupt_vector_22
 *(__interrupt_vector_22)

__interrupt_vector_23
 *(__interrupt_vector_23)

__interrupt_vector_24
 *(__interrupt_vector_24)

__interrupt_vector_25
 *(__interrupt_vector_25)

__interrupt_vector_26
 *(__interrupt_vector_26)

__interrupt_vector_27
 *(__interrupt_vector_27)

__interrupt_vector_28
 *(__interrupt_vector_28)

__interrupt_vector_29
 *(__interrupt_vector_29)

__interrupt_vector_30
 *(__interrupt_vector_30)

__interrupt_vector_31
 *(__interrupt_vector_31)

__interrupt_vector_32
 *(__interrupt_vector_32)

__interrupt_vector_33
 *(__interrupt_vector_33)

__interrupt_vector_34
 *(__interrupt_vector_34)

__interrupt_vector_35
 *(__interrupt_vector_35)

__interrupt_vector_36
 *(__interrupt_vector_36)

__interrupt_vector_37
 *(__interrupt_vector_37)

__interrupt_vector_38
 *(__interrupt_vector_38)

__interrupt_vector_39
 *(__interrupt_vector_39)

__interrupt_vector_40
 *(__interrupt_vector_40)

__interrupt_vector_41
 *(__interrupt_vector_41)

__interrupt_vector_42
 *(__interrupt_vector_42)

__interrupt_vector_43
 *(__interrupt_vector_43)

__interrupt_vector_44
 *(__interrupt_vector_44)

__interrupt_vector_45
 *(__interrupt_vector_45)

__interrupt_vector_46
 *(__interrupt_vector_46)
 *(__interrupt_vector_lcd_e)

__interrupt_vector_47
 *(__interrupt_vector_47)
 *(__interrupt_vector_port2)

__interrupt_vector_48
                0x000000000000ffe6        0x2
 *(__interrupt_vector_48)
 __interrupt_vector_48
                0x000000000000ffe6        0x2 main_msp430.c.o
 *(__interrupt_vector_port1)

__interrupt_vector_49
 *(__interrupt_vector_49)
 *(__interrupt_vector_adc)

__interrupt_vector_50
 *(__interrupt_vector_50)
 *(__interrupt_vector_usci_b0)

__interrupt_vector_51
 *(__interrupt_vector_51)
 *(__interrupt_vector_usci_a0)

__interrupt_vector_52
 *(__interrupt_vector_52)
 *(__interrupt_vector_wdt)

__interrupt_vector_53
 *(__interrupt_vector_53)
 *(__interrupt_vector_rtc)

__interrupt_vector_54
 *(__interrupt_vector_54)
 *(__interrupt_vector_timer1_a1)

__interrupt_vector_55
 *(__interrupt_vector_55)
 *(__interrupt_vector_timer1_a0)

__interrupt_vector_56
 *(__interrupt_vector_56)
 *(__interrupt_vector_timer0_a1)

__interrupt_vector_57
                0x000000000000fff8        0x2
 *(__interrupt_vector_57)
 __interrupt_vector_57
                0x000000000000fff8        0x2 main_msp430.c.o
 *(__interrupt_vector_timer0_a0)

__interrupt_vector_58
 *(__interrupt_vector_58)
 *(__interrupt_vector_unmi)

__interrupt_vector_59
 *(__interrupt_vector_59)
 *(__interrupt_vector_sysnmi)

__reset_vector  0x000000000000fffe        0x2
 *(__interrupt_vector_60)
 *(__interrupt_vector_reset)
 *(.resetvec)
 .resetvec      0x000000000000fffe        0x2 <TOOLCHAIN>/bin/../lib/gcc/msp430-elf/9.3.1/../../../../msp430-elf/lib/crt0.o

.rodata         0x000000000000c400       0x1a
                0x000000000000c400                . = ALIGN (0x2)
 *(.plt)
 *(.rodata .rodata.* .gnu.linkonce.r.* .const .const:*)
 .rodata        0x000000000000c400       0x10 main_msp430.c.o
 .rodata.digits
                0x000000000000c410        0xa lcd_de188.c.o
 *(.rodata1)
 *(.gcc_except_table)
 *(.gcc_except_table.*)

.rodata2        0x000000000000c41a       0x62
                0x000000000000c41a                . = ALIGN (0x2)
                [!provide]                        PROVIDE (__preinit_array_start = .)
 *(.preinit_array)
                [!provide]                        PROVIDE (__preinit_array_end = .)
                0x000000000000c41a                . = ALIGN (0x2)
                [!provide]                        PROVIDE (__init_array_start = .)
 *(SORT_BY_NAME(.init_array.*))
 *(.init_array)
                [!provide]                        PROVIDE (__init_array_end = .)
                0x000000000000c41a                . = ALIGN (0x2)
                [!provide]                        PROVIDE (__fini_array_start = .)
 *(.fini_array)
 *(SORT_BY_NAME(.fini_array.*))
                [!provide]                        PROVIDE (__fini_array_end = .)
                0x000000000000c41a                . = ALIGN (0x2)
 *(.eh_frame_hdr)
 *(.eh_frame)
 .eh_frame      0x000000000000c41a       0x62 <TOOLCHAIN>/bin/../lib/gcc/msp430-elf/9.3.1/libgcc.a(_udivdi3.o)
 *crtbegin*.o(.ctors)
 *(EXCLUDE_FILE(*crtend*.o) .ctors)
 *(SORT_BY_NAME(.ctors.*))
 *(.ctors)
 *crtbegin*.o(.dtors)
 *(EXCLUDE_FILE(*crtend*.o) .dtors)
 *(SORT_BY_NAME(.dtors.*))
 *(.dtors)

.persistent     0x000000000000c47c        0x0
                0x000000000000c47c                . = ALIGN (0x2)
                [!provide]                        PROVIDE (__persistent_start = .)
 *(.persistent)
                0x000000000000c47c                . = ALIGN (0x2)
                [!provide]                        PROVIDE (__persistent_end = .)

.text           0x000000000000c47c      0x89e
                0x000000000000c47c                . = ALIGN (0x2)
                0x000000000000c47c                PROVIDE (_start = .)
 *(SORT_BY_NAME(.crt_*))
 .crt_0000start
                0x000000000000c47c        0x4 <TOOLCHAIN>/bin/../lib/gcc/msp430-elf/9.3.1/../../../../msp430-elf/lib/crt0.o
                0x000000000000c47c                __crt0_start
 .crt_0100init_bss
                0x000000000000c480        0xe <TOOLCHAIN>/bin/../lib/gcc/msp430-elf/9.3.1/../../../../msp430-elf/lib/libcrt.a(crt_bss.o)
                0x000000000000c480                __crt0_init_bss
 .crt_0800call_main
                0x000000000000c48e        0x6 <TOOLCHAIN>/bin/../lib/gcc/msp430-elf/9.3.1/../../../../msp430-elf/lib/libcrt.a(crt_main.o)
                0x000000000000c48e                __crt0_call_main
 *(.lowtext .text .stub .text.* .gnu.linkonce.t.* .text:*)
 .text.write_word
                0x000000000000c494       0x28 main_msp430.c.o
 .text.set_segments
                0x000000000000c4bc       0x3e main_msp430.c.o
 .text.lcd_start
                0x000000000000c4fa       0x4c main_msp430.c.o
 .text.arm_edges
                0x000000000000c546       0x18 main_msp430.c.o
 .text.port1_isr
                0x000000000000c55e       0x34 main_msp430.c.o
                0x000000000000c55e                port1_isr
 .text.timer0_isr
                0x000000000000c592       0x50 main_msp430.c.o
                0x000000000000c592                timer0_isr
 .text.startup.main
                0x000000000000c5e2      0x206 main_msp430.c.o
                0x000000000000c5e2                main
 .text.crc16    0x000000000000c7e8       0x50 counter.c.o
 .text.valid    0x000000000000c838       0x4c counter.c.o
 .text.counter_init
                0x000000000000c884       0x70 counter.c.o
                0x000000000000c884                counter_init
 .text.counter_sample
                0x000000000000c8f4      0x118 counter.c.o
                0x000000000000c8f4                counter_sample
 .text.journal_load
                0x000000000000ca0c       0x92 counter.c.o
                0x000000000000ca0c                journal_load
 .text.journal_save
                0x000000000000ca9e       0xca counter.c.o
                0x000000000000ca9e                journal_save
 .text.fegd     0x000000000000cb68       0x28 lcd_de188.c.o
 .text.lcd_de188_encode
                0x000000000000cb90       0xca lcd_de188.c.o
                0x000000000000cb90                lcd_de188_encode
 .text.udivmodsi4
                0x000000000000cc5a       0x80 <TOOLCHAIN>/bin/../lib/gcc/msp430-elf/9.3.1/libgcc.a(lib2divSI.o)
                0x000000000000cc5a                udivmodsi4
 .text.__udivsi3
                0x000000000000ccda        0xe <TOOLCHAIN>/bin/../lib/gcc/msp430-elf/9.3.1/libgcc.a(lib2divSI.o)
                0x000000000000ccda                __mspabi_divul
                0x000000000000ccda                __mspabi_divlu
 .text.__umodsi3
                0x000000000000cce8        0xe <TOOLCHAIN>/bin/../lib/gcc/msp430-elf/9.3.1/libgcc.a(lib2divSI.o)
                0x000000000000cce8                __mspabi_remul
 .text.memcpy   0x000000000000ccf6       0x12 <TOOLCHAIN>/bin/../lib/gcc/msp430-elf/9.3.1/../../../../msp430-elf/lib/libc.a(lib_a-memcpy.o)
                0x000000000000ccf6                memcpy
 .text.memset   0x000000000000cd08       0x12 <TOOLCHAIN>/bin/../lib/gcc/msp430-elf/9.3.1/../../../../msp430-elf/lib/libc.a(lib_a-memset.o)
                0x000000000000cd08                memset
 *(.text.*personality*)
 *(.gnu.warning)
 *(.interp .hash .dynsym .dynstr .gnu.version*)
                [!provide]                        PROVIDE (__etext = .)
                [!provide]                        PROVIDE (_etext = .)
                [!provide]                        PROVIDE (etext = .)
                0x000000000000cd1a                . = ALIGN (0x2)
 *(.init)
 *(.fini)
 *(.tm_clone_table)

.data           0x0000000000002000        0x0 load address 0x000000000000cd1a
                0x0000000000002000                . = ALIGN (0x2)
                [!provide]                        PROVIDE (__datastart = .)
 *(.jcr)
 *(.data.rel.ro.local)
 *(.data.rel.ro*)
 *(.dynamic)
 *(.data .data.* .gnu.linkonce.d.*)
 *(.gnu.linkonce.d.*personality*)
 *(.data1)
 *(.got.plt)
 *(.got)
                0x0000000000002000                . = ALIGN (0x2)
 *(.sdata .sdata.* .gnu.linkonce.s.* D_2 D_1)
                0x0000000000002000                . = ALIGN (0x2)
                0x0000000000002000                _edata = .
                [!provide]                        PROVIDE (edata = .)
                [!provide]                        PROVIDE (__dataend = .)
                [!provide]                        PROVIDE (__romdatastart = LOADADDR (.data))
                [!provide]                        PROVIDE (__romdatacopysize = SIZEOF (.data))

.bss            0x0000000000002000       0x40 load address 0x000000000000cd1a
                0x0000000000002000                . = ALIGN (0x2)
                0x0000000000002000                PROVIDE (__bssstart = .)
 *(.dynbss)
 *(.sbss .sbss.*)
 *(.bss .bss.* .gnu.linkonce.b.*)
 .bss.display_on
                0x0000000000002000        0x1 main_msp430.c.o
 .bss.tick_running
                0x0000000000002001        0x1 main_msp430.c.o
 .bss.fraction  0x0000000000002002        0x2 main_msp430.c.o
 .bss.milliseconds
                0x0000000000002004        0x4 main_msp430.c.o
 .bss.shadow    0x0000000000002008       0x20 main_msp430.c.o
 .bss.c         0x0000000000002028       0x18 main_msp430.c.o
                0x0000000000002040                . = ALIGN (0x2)
 *(COMMON)
                [!provide]                        PROVIDE (__bssend = .)
                0x0000000000000040                PROVIDE (__bsssize = SIZEOF (.bss))

.noinit         0x0000000000002040        0x0 load address 0x000000000000cd1a
                0x0000000000002040                . = ALIGN (0x2)
                [!provide]                        PROVIDE (__noinit_start = .)
 *(.noinit)
                0x0000000000002040                . = ALIGN (0x2)
                [!provide]                        PROVIDE (__noinit_end = .)
                0x0000000000002040                end = .

.heap           0x0000000000002040        0x4 load address 0x000000000000cd1a
                0x0000000000002040                . = ALIGN (0x2)
                0x0000000000002040                __heap_start__ = .
                0x0000000000002040                _end = __heap_start__
                [!provide]                        PROVIDE (end = .)
 *(.heap)
                0x0000000000002040                _end = .
                [!provide]                        PROVIDE (end = .)
                0x0000000000002040        0x4 LONG 0x0
                0x0000000000002044                __heap_end__ = .
                0x0000000000002044                __HeapLimit = __heap_end__

.stack          0x0000000000002800        0x0
                0x0000000000002800                PROVIDE (__stack = .)
 *(.stack)

.infoA

.MSP430.attributes
                0x0000000000000000       0x17
 *(.MSP430.attributes)
 .MSP430.attributes
                0x0000000000000000       0x17 <TOOLCHAIN>/bin/../lib/gcc/msp430-elf/9.3.1/../../../../msp430-elf/lib/crt0.o
 .MSP430.attributes
                0x0000000000000017       0x17 <TOOLCHAIN>/bin/../lib/gcc/msp430-elf/9.3.1/crtbegin_no_eh.o
 .MSP430.attributes
                0x000000000000002e       0x17 main_msp430.c.o
 .MSP430.attributes
                0x0000000000000045       0x17 counter.c.o
 .MSP430.attributes
                0x000000000000005c       0x17 lcd_de188.c.o
 .MSP430.attributes
                0x0000000000000073       0x17 <TOOLCHAIN>/bin/../lib/gcc/msp430-elf/9.3.1/libgcc.a(lib2divSI.o)
 .MSP430.attributes
                0x000000000000008a       0x17 <TOOLCHAIN>/bin/../lib/gcc/msp430-elf/9.3.1/libgcc.a(srai.o)
 .MSP430.attributes
                0x00000000000000a1       0x17 <TOOLCHAIN>/bin/../lib/gcc/msp430-elf/9.3.1/libgcc.a(_udivdi3.o)
 .MSP430.attributes
                0x00000000000000b8       0x17 <TOOLCHAIN>/bin/../lib/gcc/msp430-elf/9.3.1/libgcc.a(slli.o)
 .MSP430.attributes
                0x00000000000000cf       0x17 <TOOLCHAIN>/bin/../lib/gcc/msp430-elf/9.3.1/libgcc.a(srli.o)
 .MSP430.attributes
                0x00000000000000e6       0x17 <TOOLCHAIN>/bin/../lib/gcc/msp430-elf/9.3.1/libgcc.a(_clzdi2.o)
 .MSP430.attributes
                0x00000000000000fd       0x17 <TOOLCHAIN>/bin/../lib/gcc/msp430-elf/9.3.1/libgcc.a(_clz.o)
 .MSP430.attributes
                0x0000000000000114       0x17 <TOOLCHAIN>/bin/../lib/gcc/msp430-elf/9.3.1/../../../../msp430-elf/lib/libc.a(lib_a-memcpy.o)
 .MSP430.attributes
                0x000000000000012b       0x17 <TOOLCHAIN>/bin/../lib/gcc/msp430-elf/9.3.1/../../../../msp430-elf/lib/libc.a(lib_a-memset.o)
 .MSP430.attributes
                0x0000000000000142       0x17 <TOOLCHAIN>/bin/../lib/gcc/msp430-elf/9.3.1/../../../../msp430-elf/lib/libcrt.a(crt_bss.o)
 .MSP430.attributes
                0x0000000000000159       0x17 <TOOLCHAIN>/bin/../lib/gcc/msp430-elf/9.3.1/../../../../msp430-elf/lib/libcrt.a(crt_main.o)
 .MSP430.attributes
                0x0000000000000170       0x17 <TOOLCHAIN>/bin/../lib/gcc/msp430-elf/9.3.1/crtend_no_eh.o
 *(.gnu.attributes)
 *(__TI_build_attributes)

.stab
 *(.stab)

.stabstr
 *(.stabstr)

.stab.excl
 *(.stab.excl)

.stab.exclstr
 *(.stab.exclstr)

.stab.index
 *(.stab.index)

.stab.indexstr
 *(.stab.indexstr)

.comment        0x0000000000000000       0x39
 *(.comment)
 .comment       0x0000000000000000       0x39 main_msp430.c.o
                                         0x3a (size before relaxing)
 .comment       0x0000000000000039       0x3a counter.c.o
 .comment       0x0000000000000039       0x3a lcd_de188.c.o
 .comment       0x0000000000000039       0x3a <TOOLCHAIN>/bin/../lib/gcc/msp430-elf/9.3.1/libgcc.a(lib2divSI.o)
 .comment       0x0000000000000039       0x3a <TOOLCHAIN>/bin/../lib/gcc/msp430-elf/9.3.1/libgcc.a(_udivdi3.o)
 .comment       0x0000000000000039       0x3a <TOOLCHAIN>/bin/../lib/gcc/msp430-elf/9.3.1/../../../../msp430-elf/lib/libc.a(lib_a-memcpy.o)
 .comment       0x0000000000000039       0x3a <TOOLCHAIN>/bin/../lib/gcc/msp430-elf/9.3.1/../../../../msp430-elf/lib/libc.a(lib_a-memset.o)

.debug
 *(.debug)

.line
 *(.line)

.debug_srcinfo
 *(.debug_srcinfo)

.debug_sfnames
 *(.debug_sfnames)

.debug_aranges
 *(.debug_aranges)

.debug_pubnames
 *(.debug_pubnames)

.debug_info
 *(.debug_info .gnu.linkonce.wi.*)

.debug_abbrev
 *(.debug_abbrev)

.debug_line
 *(.debug_line .debug_line.* .debug_line_end)

.debug_frame
 *(.debug_frame)

.debug_str
 *(.debug_str)

.debug_loc
 *(.debug_loc)

.debug_macinfo
 *(.debug_macinfo)

.debug_weaknames
 *(.debug_weaknames)

.debug_funcnames
 *(.debug_funcnames)

.debug_typenames
 *(.debug_typenames)

.debug_varnames
 *(.debug_varnames)

.debug_pubtypes
 *(.debug_pubtypes)

.debug_ranges
 *(.debug_ranges)

.debug_macro
 *(.debug_macro)

/DISCARD/
 *(.note.GNU-stack)
                [!provide]                        PROVIDE (ADCCTL0 = 0x700)
                [!provide]                        PROVIDE (ADCCTL0_L = 0x700)
                [!provide]                        PROVIDE (ADCCTL0_H = 0x701)
                [!provide]                        PROVIDE (ADCCTL1 = 0x702)
                [!provide]                        PROVIDE (ADCCTL1_L = 0x702)
                [!provide]                        PROVIDE (ADCCTL1_H = 0x703)
                [!provide]                        PROVIDE (ADCCTL2 = 0x704)
                [!provide]                        PROVIDE (ADCCTL2_L = 0x704)
                [!provide]                        PROVIDE (ADCCTL2_H = 0x705)
                [!provide]                        PROVIDE (ADCLO = 0x706)
                [!provide]                        PROVIDE (ADCLO_L = 0x706)
                [!provide]                        PROVIDE (ADCLO_H = 0x707)
                [!provide]                        PROVIDE (ADCHI = 0x708)
                [!provide]                        PROVIDE (ADCHI_L = 0x708)
                [!provide]                        PROVIDE (ADCHI_H = 0x709)
                [!provide]                        PROVIDE (ADCMCTL0 = 0x70a)
                [!provide]                        PROVIDE (ADCMCTL0_L = 0x70a)
                [!provide]                        PROVIDE (ADCMCTL0_H = 0x70b)
                [!provide]                        PROVIDE (ADCMEM0 = 0x712)
                [!provide]                        PROVIDE (ADCMEM0_L = 0x712)
                [!provide]                        PROVIDE (ADCMEM0_H = 0x713)
                [!provide]                        PROVIDE (ADCIE = 0x71a)
                [!provide]                        PROVIDE (ADCIE_L = 0x71a)
                [!provide]                        PROVIDE (ADCIE_H = 0x71b)
                [!provide]                        PROVIDE (ADCIFG = 0x71c)
                [!provide]                        PROVIDE (ADCIFG_L = 0x71c)
                [!provide]                        PROVIDE (ADCIFG_H = 0x71d)
                [!provide]                        PROVIDE (ADCIV = 0x71e)
                [!provide]                        PROVIDE (ADCIV_L = 0x71e)
                [!provide]                        PROVIDE (ADCIV_H = 0x71f)
                [!provide]                        PROVIDE (BAKMEM0 = 0x660)
                [!provide]                        PROVIDE (BAKMEM0_L = 0x660)
                [!provide]                        PROVIDE (BAKMEM0_H = 0x661)
                [!provide]                        PROVIDE (BAKMEM1 = 0x662)
                [!provide]                        PROVIDE (BAKMEM1_L = 0x662)
                [!provide]                        PROVIDE (BAKMEM1_H = 0x663)
                [!provide]                        PROVIDE (BAKMEM2 = 0x664)
                [!provide]                        PROVIDE (BAKMEM2_L = 0x664)
                [!provide]                        PROVIDE (BAKMEM2_H = 0x665)
                [!provide]                        PROVIDE (BAKMEM3 = 0x666)
                [!provide]                        PROVIDE (BAKMEM3_L = 0x666)
                [!provide]                        PROVIDE (BAKMEM3_H = 0x667)
                [!provide]                        PROVIDE (BAKMEM4 = 0x668)
                [!provide]                        PROVIDE (BAKMEM4_L = 0x668)
                [!provide]                        PROVIDE (BAKMEM4_H = 0x669)
                [!provide]                        PROVIDE (BAKMEM5 = 0x66a)
                [!provide]                        PROVIDE (BAKMEM5_L = 0x66a)
                [!provide]                        PROVIDE (BAKMEM5_H = 0x66b)
                [!provide]                        PROVIDE (BAKMEM6 = 0x66c)
                [!provide]                        PROVIDE (BAKMEM6_L = 0x66c)
                [!provide]                        PROVIDE (BAKMEM6_H = 0x66d)
                [!provide]                        PROVIDE (BAKMEM7 = 0x66e)
                [!provide]                        PROVIDE (BAKMEM7_L = 0x66e)
                [!provide]                        PROVIDE (BAKMEM7_H = 0x66f)
                [!provide]                        PROVIDE (BAKMEM8 = 0x670)
                [!provide]                        PROVIDE (BAKMEM8_L = 0x670)
                [!provide]                        PROVIDE (BAKMEM8_H = 0x671)
                [!provide]                        PROVIDE (BAKMEM9 = 0x672)
                [!provide]                        PROVIDE (BAKMEM9_L = 0x672)
                [!provide]                        PROVIDE (BAKMEM9_H = 0x673)
                [!provide]                        PROVIDE (BAKMEM10 = 0x674)
                [!provide]                        PROVIDE (BAKMEM10_L = 0x674)
                [!provide]                        PROVIDE (BAKMEM10_H = 0x675)
                [!provide]                        PROVIDE (BAKMEM11 = 0x676)
                [!provide]                        PROVIDE (BAKMEM11_L = 0x676)
                [!provide]                        PROVIDE (BAKMEM11_H = 0x677)
                [!provide]                        PROVIDE (BAKMEM12 = 0x678)
                [!provide]                        PROVIDE (BAKMEM12_L = 0x678)
                [!provide]                        PROVIDE (BAKMEM12_H = 0x679)
                [!provide]                        PROVIDE (BAKMEM13 = 0x67a)
                [!provide]                        PROVIDE (BAKMEM13_L = 0x67a)
                [!provide]                        PROVIDE (BAKMEM13_H = 0x67b)
                [!provide]                        PROVIDE (BAKMEM14 = 0x67c)
                [!provide]                        PROVIDE (BAKMEM14_L = 0x67c)
                [!provide]                        PROVIDE (BAKMEM14_H = 0x67d)
                [!provide]                        PROVIDE (BAKMEM15 = 0x67e)
                [!provide]                        PROVIDE (BAKMEM15_L = 0x67e)
                [!provide]                        PROVIDE (BAKMEM15_H = 0x67f)
                [!provide]                        PROVIDE (CAPTIO0CTL = 0x2ee)
                [!provide]                        PROVIDE (CAPTIO0CTL_L = 0x2ee)
                [!provide]                        PROVIDE (CAPTIO0CTL_H = 0x2ef)
                [!provide]                        PROVIDE (CRCDI = 0x1c0)
                [!provide]                        PROVIDE (CRCDI_L = 0x1c0)
                [!provide]                        PROVIDE (CRCDI_H = 0x1c1)
                [!provide]                        PROVIDE (CRCDIRB = 0x1c2)
                [!provide]                        PROVIDE (CRCDIRB_L = 0x1c2)
                [!provide]                        PROVIDE (CRCDIRB_H = 0x1c3)
                [!provide]                        PROVIDE (CRCINIRES = 0x1c4)
                [!provide]                        PROVIDE (CRCINIRES_L = 0x1c4)
                [!provide]                        PROVIDE (CRCINIRES_H = 0x1c5)
                [!provide]                        PROVIDE (CRCRESR = 0x1c6)
                [!provide]                        PROVIDE (CRCRESR_L = 0x1c6)
                [!provide]                        PROVIDE (CRCRESR_H = 0x1c7)
                [!provide]                        PROVIDE (CSCTL0 = 0x180)
                [!provide]                        PROVIDE (CSCTL0_L = 0x180)
                [!provide]                        PROVIDE (CSCTL0_H = 0x181)
                [!provide]                        PROVIDE (CSCTL1 = 0x182)
                [!provide]                        PROVIDE (CSCTL1_L = 0x182)
                [!provide]                        PROVIDE (CSCTL1_H = 0x183)
                [!provide]                        PROVIDE (CSCTL2 = 0x184)
                [!provide]                        PROVIDE (CSCTL2_L = 0x184)
                [!provide]                        PROVIDE (CSCTL2_H = 0x185)
                [!provide]                        PROVIDE (CSCTL3 = 0x186)
                [!provide]                        PROVIDE (CSCTL3_L = 0x186)
                [!provide]                        PROVIDE (CSCTL3_H = 0x187)
                0x0000000000000188                PROVIDE (CSCTL4 = 0x188)
                [!provide]                        PROVIDE (CSCTL4_L = 0x188)
                [!provide]                        PROVIDE (CSCTL4_H = 0x189)
                [!provide]                        PROVIDE (CSCTL5 = 0x18a)
                [!provide]                        PROVIDE (CSCTL5_L = 0x18a)
                [!provide]                        PROVIDE (CSCTL5_H = 0x18b)
                [!provide]                        PROVIDE (CSCTL6 = 0x18c)
                [!provide]                        PROVIDE (CSCTL6_L = 0x18c)
                [!provide]                        PROVIDE (CSCTL6_H = 0x18d)
                [!provide]                        PROVIDE (CSCTL7 = 0x18e)
                [!provide]                        PROVIDE (CSCTL7_L = 0x18e)
                [!provide]                        PROVIDE (CSCTL7_H = 0x18f)
                [!provide]                        PROVIDE (CSCTL8 = 0x190)
                [!provide]                        PROVIDE (CSCTL8_L = 0x190)
                [!provide]                        PROVIDE (CSCTL8_H = 0x191)
                [!provide]                        PROVIDE (FRCTL0 = 0x1a0)
                [!provide]                        PROVIDE (FRCTL0_L = 0x1a0)
                [!provide]                        PROVIDE (FRCTL0_H = 0x1a1)
                [!provide]                        PROVIDE (GCCTL0 = 0x1a4)
                [!provide]                        PROVIDE (GCCTL0_L = 0x1a4)
                [!provide]                        PROVIDE (GCCTL0_H = 0x1a5)
                [!provide]                        PROVIDE (GCCTL1 = 0x1a6)
                [!provide]                        PROVIDE (GCCTL1_L = 0x1a6)
                [!provide]                        PROVIDE (GCCTL1_H = 0x1a7)
                0x0000000000000600                PROVIDE (LCDCTL0 = 0x600)
                [!provide]                        PROVIDE (LCDCTL0_L = 0x600)
                [!provide]                        PROVIDE (LCDCTL0_H = 0x601)
                [!provide]                        PROVIDE (LCDCTL1 = 0x602)
                [!provide]                        PROVIDE (LCDCTL1_L = 0x602)
                [!provide]                        PROVIDE (LCDCTL1_H = 0x603)
                [!provide]                        PROVIDE (LCDBLKCTL = 0x604)
                [!provide]                        PROVIDE (LCDBLKCTL_L = 0x604)
                [!provide]                        PROVIDE (LCDBLKCTL_H = 0x605)
                0x0000000000000606                PROVIDE (LCDMEMCTL = 0x606)
                [!provide]                        PROVIDE (LCDMEMCTL_L = 0x606)
                [!provide]                        PROVIDE (LCDMEMCTL_H = 0x607)
                0x0000000000000608                PROVIDE (LCDVCTL = 0x608)
                [!provide]                        PROVIDE (LCDVCTL_L = 0x608)
                [!provide]                        PROVIDE (LCDVCTL_H = 0x609)
                0x000000000000060a                PROVIDE (LCDPCTL0 = 0x60a)
                [!provide]                        PROVIDE (LCDPCTL0_L = 0x60a)
                [!provide]                        PROVIDE (LCDPCTL0_H = 0x60b)
                0x000000000000060c                PROVIDE (LCDPCTL1 = 0x60c)
                [!provide]                        PROVIDE (LCDPCTL1_L = 0x60c)
                [!provide]                        PROVIDE (LCDPCTL1_H = 0x60d)
                0x000000000000060e                PROVIDE (LCDPCTL2 = 0x60e)
                [!provide]                        PROVIDE (LCDPCTL2_L = 0x60e)
                [!provide]                        PROVIDE (LCDPCTL2_H = 0x60f)
                0x0000000000000614                PROVIDE (LCDCSSEL0 = 0x614)
                [!provide]                        PROVIDE (LCDCSSEL0_L = 0x614)
                [!provide]                        PROVIDE (LCDCSSEL0_H = 0x615)
                0x0000000000000616                PROVIDE (LCDCSSEL1 = 0x616)
                [!provide]                        PROVIDE (LCDCSSEL1_L = 0x616)
                [!provide]                        PROVIDE (LCDCSSEL1_H = 0x617)
                0x0000000000000618                PROVIDE (LCDCSSEL2 = 0x618)
                [!provide]                        PROVIDE (LCDCSSEL2_L = 0x618)
                [!provide]                        PROVIDE (LCDCSSEL2_H = 0x619)
                [!provide]                        PROVIDE (LCDIV = 0x61e)
                [!provide]                        PROVIDE (LCDM0W = 0x620)
                0x0000000000000620                PROVIDE (LCDM0W_L = 0x620)
                0x0000000000000621                PROVIDE (LCDM0W_H = 0x621)
                [!provide]                        PROVIDE (LCDM2W = 0x622)
                [!provide]                        PROVIDE (LCDM2W_L = 0x622)
                [!provide]                        PROVIDE (LCDM2W_H = 0x623)
                [!provide]                        PROVIDE (LCDM4W = 0x624)
                0x0000000000000624                PROVIDE (LCDM4W_L = 0x624)
                0x0000000000000625                PROVIDE (LCDM4W_H = 0x625)
                [!provide]                        PROVIDE (LCDM6W = 0x626)
                0x0000000000000626                PROVIDE (LCDM6W_L = 0x626)
                0x0000000000000627                PROVIDE (LCDM6W_H = 0x627)
                [!provide]                        PROVIDE (LCDM8W = 0x628)
                0x0000000000000628                PROVIDE (LCDM8W_L = 0x628)
                0x0000000000000629                PROVIDE (LCDM8W_H = 0x629)
                [!provide]                        PROVIDE (LCDM10W = 0x62a)
                [!provide]                        PROVIDE (LCDM10W_L = 0x62a)
                [!provide]                        PROVIDE (LCDM10W_H = 0x62b)
                [!provide]                        PROVIDE (LCDM12W = 0x62c)
                0x000000000000062c                PROVIDE (LCDM12W_L = 0x62c)
                0x000000000000062d                PROVIDE (LCDM12W_H = 0x62d)
                [!provide]                        PROVIDE (LCDM14W = 0x62e)
                [!provide]                        PROVIDE (LCDM14W_L = 0x62e)
                [!provide]                        PROVIDE (LCDM14W_H = 0x62f)
                [!provide]                        PROVIDE (LCDM16W = 0x630)
                [!provide]                        PROVIDE (LCDM16W_L = 0x630)
                [!provide]                        PROVIDE (LCDM16W_H = 0x631)
                [!provide]                        PROVIDE (LCDM18W = 0x632)
                [!provide]                        PROVIDE (LCDM18W_L = 0x632)
                [!provide]                        PROVIDE (LCDM18W_H = 0x633)
                [!provide]                        PROVIDE (LCDM20W = 0x634)
                [!provide]                        PROVIDE (LCDM20W_L = 0x634)
                [!provide]                        PROVIDE (LCDM20W_H = 0x635)
                [!provide]                        PROVIDE (LCDM22W = 0x636)
                [!provide]                        PROVIDE (LCDM22W_L = 0x636)
                [!provide]                        PROVIDE (LCDM22W_H = 0x637)
                [!provide]                        PROVIDE (LCDM24W = 0x638)
                [!provide]                        PROVIDE (LCDM24W_L = 0x638)
                [!provide]                        PROVIDE (LCDM24W_H = 0x639)
                [!provide]                        PROVIDE (LCDM26W = 0x63a)
                [!provide]                        PROVIDE (LCDM26W_L = 0x63a)
                [!provide]                        PROVIDE (LCDM26W_H = 0x63b)
                [!provide]                        PROVIDE (LCDM28W = 0x63c)
                [!provide]                        PROVIDE (LCDM28W_L = 0x63c)
                [!provide]                        PROVIDE (LCDM28W_H = 0x63d)
                [!provide]                        PROVIDE (LCDM30W = 0x63e)
                [!provide]                        PROVIDE (LCDM30W_L = 0x63e)
                [!provide]                        PROVIDE (LCDM30W_H = 0x63f)
                [!provide]                        PROVIDE (LCDM32W = 0x640)
                [!provide]                        PROVIDE (LCDM32W_L = 0x640)
                [!provide]                        PROVIDE (LCDM32W_H = 0x641)
                [!provide]                        PROVIDE (LCDM34W = 0x642)
                [!provide]                        PROVIDE (LCDM34W_L = 0x642)
                [!provide]                        PROVIDE (LCDM34W_H = 0x643)
                [!provide]                        PROVIDE (LCDM36W = 0x644)
                [!provide]                        PROVIDE (LCDM36W_L = 0x644)
                [!provide]                        PROVIDE (LCDM36W_H = 0x645)
                [!provide]                        PROVIDE (LCDM38W = 0x646)
                [!provide]                        PROVIDE (LCDM38W_L = 0x646)
                [!provide]                        PROVIDE (LCDM38W_H = 0x647)
                [!provide]                        PROVIDE (LCDBM0W = 0x640)
                [!provide]                        PROVIDE (LCDBM0W_L = 0x640)
                [!provide]                        PROVIDE (LCDBM0W_H = 0x641)
                [!provide]                        PROVIDE (LCDBM2W = 0x642)
                [!provide]                        PROVIDE (LCDBM2W_L = 0x642)
                [!provide]                        PROVIDE (LCDBM2W_H = 0x643)
                [!provide]                        PROVIDE (LCDBM4W = 0x644)
                [!provide]                        PROVIDE (LCDBM4W_L = 0x644)
                [!provide]                        PROVIDE (LCDBM4W_H = 0x645)
                [!provide]                        PROVIDE (LCDBM6W = 0x646)
                [!provide]                        PROVIDE (LCDBM6W_L = 0x646)
                [!provide]                        PROVIDE (LCDBM6W_H = 0x647)
                [!provide]                        PROVIDE (LCDBM8W = 0x648)
                [!provide]                        PROVIDE (LCDBM8W_L = 0x648)
                [!provide]                        PROVIDE (LCDBM8W_H = 0x649)
                [!provide]                        PROVIDE (LCDBM10W = 0x64a)
                [!provide]                        PROVIDE (LCDBM10W_L = 0x64a)
                [!provide]                        PROVIDE (LCDBM10W_H = 0x64b)
                [!provide]                        PROVIDE (LCDBM12W = 0x64c)
                [!provide]                        PROVIDE (LCDBM12W_L = 0x64c)
                [!provide]                        PROVIDE (LCDBM12W_H = 0x64d)
                [!provide]                        PROVIDE (LCDBM14W = 0x64e)
                [!provide]                        PROVIDE (LCDBM14W_L = 0x64e)
                [!provide]                        PROVIDE (LCDBM14W_H = 0x64f)
                [!provide]                        PROVIDE (LCDBM16W = 0x650)
                [!provide]                        PROVIDE (LCDBM16W_L = 0x650)
                [!provide]                        PROVIDE (LCDBM16W_H = 0x651)
                [!provide]                        PROVIDE (LCDBM18W = 0x652)
                [!provide]                        PROVIDE (LCDBM18W_L = 0x652)
                [!provide]                        PROVIDE (LCDBM18W_H = 0x653)
                [!provide]                        PROVIDE (PMMCTL0 = 0x120)
                [!provide]                        PROVIDE (PMMCTL0_L = 0x120)
                [!provide]                        PROVIDE (PMMCTL0_H = 0x121)
                [!provide]                        PROVIDE (PMMCTL1 = 0x122)
                [!provide]                        PROVIDE (PMMCTL1_L = 0x122)
                [!provide]                        PROVIDE (PMMCTL1_H = 0x123)
                [!provide]                        PROVIDE (PMMCTL2 = 0x124)
                [!provide]                        PROVIDE (PMMCTL2_L = 0x124)
                [!provide]                        PROVIDE (PMMCTL2_H = 0x125)
                [!provide]                        PROVIDE (PMMIFG = 0x12a)
                [!provide]                        PROVIDE (PMMIFG_L = 0x12a)
                [!provide]                        PROVIDE (PMMIFG_H = 0x12b)
                [!provide]                        PROVIDE (PMMIE = 0x12e)
                [!provide]                        PROVIDE (PMMIE_L = 0x12e)
                [!provide]                        PROVIDE (PMMIE_H = 0x12f)
                0x0000000000000130                PROVIDE (PM5CTL0 = 0x130)
                [!provide]                        PROVIDE (PM5CTL0_L = 0x130)
                [!provide]                        PROVIDE (PM5CTL0_H = 0x131)
                [!provide]                        PROVIDE (PAIN = 0x200)
                0x0000000000000200                PROVIDE (PAIN_L = 0x200)
                [!provide]                        PROVIDE (PAIN_H = 0x201)
                [!provide]                        PROVIDE (PAOUT = 0x202)
                0x0000000000000202                PROVIDE (PAOUT_L = 0x202)
                0x0000000000000203                PROVIDE (PAOUT_H = 0x203)
                [!provide]                        PROVIDE (PADIR = 0x204)
                0x0000000000000204                PROVIDE (PADIR_L = 0x204)
                0x0000000000000205                PROVIDE (PADIR_H = 0x205)
                [!provide]                        PROVIDE (PAREN = 0x206)
                0x0000000000000206                PROVIDE (PAREN_L = 0x206)
                [!provide]                        PROVIDE (PAREN_H = 0x207)
                [!provide]                        PROVIDE (PASEL0 = 0x20a)
                0x000000000000020a                PROVIDE (PASEL0_L = 0x20a)
                [!provide]                        PROVIDE (PASEL0_H = 0x20b)
                [!provide]                        PROVIDE (PAIES = 0x218)
                0x0000000000000218                PROVIDE (PAIES_L = 0x218)
                [!provide]                        PROVIDE (PAIES_H = 0x219)
                [!provide]                        PROVIDE (PAIE = 0x21a)
                0x000000000000021a                PROVIDE (PAIE_L = 0x21a)
                [!provide]                        PROVIDE (PAIE_H = 0x21b)
                [!provide]                        PROVIDE (PAIFG = 0x21c)
                0x000000000000021c                PROVIDE (PAIFG_L = 0x21c)
                [!provide]                        PROVIDE (PAIFG_H = 0x21d)
                [!provide]                        PROVIDE (P1IV = 0x20e)
                [!provide]                        PROVIDE (P2IV = 0x21e)
                [!provide]                        PROVIDE (PBIN = 0x220)
                [!provide]                        PROVIDE (PBIN_L = 0x220)
                [!provide]                        PROVIDE (PBIN_H = 0x221)
                [!provide]                        PROVIDE (PBOUT = 0x222)
                0x0000000000000222                PROVIDE (PBOUT_L = 0x222)
                0x0000000000000223                PROVIDE (PBOUT_H = 0x223)
                [!provide]                        PROVIDE (PBDIR = 0x224)
                0x0000000000000224                PROVIDE (PBDIR_L = 0x224)
                0x0000000000000225                PROVIDE (PBDIR_H = 0x225)
                [!provide]                        PROVIDE (PBREN = 0x226)
                [!provide]                        PROVIDE (PBREN_L = 0x226)
                [!provide]                        PROVIDE (PBREN_H = 0x227)
                [!provide]                        PROVIDE (PBSEL0 = 0x22a)
                [!provide]                        PROVIDE (PBSEL0_L = 0x22a)
                [!provide]                        PROVIDE (PBSEL0_H = 0x22b)
                [!provide]                        PROVIDE (PCIN = 0x240)
                [!provide]                        PROVIDE (PCIN_L = 0x240)
                [!provide]                        PROVIDE (PCIN_H = 0x241)
                [!provide]                        PROVIDE (PCOUT = 0x242)
                0x0000000000000242                PROVIDE (PCOUT_L = 0x242)
                0x0000000000000243                PROVIDE (PCOUT_H = 0x243)
                [!provide]                        PROVIDE (PCDIR = 0x244)
                0x0000000000000244                PROVIDE (PCDIR_L = 0x244)
                0x0000000000000245                PROVIDE (PCDIR_H = 0x245)
                [!provide]                        PROVIDE (PCREN = 0x246)
                [!provide]                        PROVIDE (PCREN_L = 0x246)
                [!provide]                        PROVIDE (PCREN_H = 0x247)
                [!provide]                        PROVIDE (PCSEL0 = 0x24a)
                [!provide]                        PROVIDE (PCSEL0_L = 0x24a)
                [!provide]                        PROVIDE (PCSEL0_H = 0x24b)
                [!provide]                        PROVIDE (PDIN = 0x260)
                [!provide]                        PROVIDE (PDIN_L = 0x260)
                [!provide]                        PROVIDE (PDIN_H = 0x261)
                [!provide]                        PROVIDE (PDOUT = 0x262)
                0x0000000000000262                PROVIDE (PDOUT_L = 0x262)
                [!provide]                        PROVIDE (PDOUT_H = 0x263)
                [!provide]                        PROVIDE (PDDIR = 0x264)
                0x0000000000000264                PROVIDE (PDDIR_L = 0x264)
                [!provide]                        PROVIDE (PDDIR_H = 0x265)
                [!provide]                        PROVIDE (PDREN = 0x266)
                [!provide]                        PROVIDE (PDREN_L = 0x266)
                [!provide]                        PROVIDE (PDREN_H = 0x267)
                [!provide]                        PROVIDE (PDSEL0 = 0x26a)
                [!provide]                        PROVIDE (PDSEL0_L = 0x26a)
                [!provide]                        PROVIDE (PDSEL0_H = 0x26b)
                [!provide]                        PROVIDE (RTCCTL = 0x3c0)
                [!provide]                        PROVIDE (RTCCTL_L = 0x3c0)
                [!provide]                        PROVIDE (RTCCTL_H = 0x3c1)
                [!provide]                        PROVIDE (RTCIV = 0x3c4)
                [!provide]                        PROVIDE (RTCIV_L = 0x3c4)
                [!provide]                        PROVIDE (RTCIV_H = 0x3c5)
                [!provide]                        PROVIDE (RTCMOD = 0x3c8)
                [!provide]                        PROVIDE (RTCMOD_L = 0x3c8)
                [!provide]                        PROVIDE (RTCMOD_H = 0x3c9)
                [!provide]                        PROVIDE (RTCCNT = 0x3cc)
                [!provide]                        PROVIDE (RTCCNT_L = 0x3cc)
                [!provide]                        PROVIDE (RTCCNT_H = 0x3cd)
                [!provide]                        PROVIDE (SFRIE1 = 0x100)
                [!provide]                        PROVIDE (SFRIE1_L = 0x100)
                [!provide]                        PROVIDE (SFRIE1_H = 0x101)
                [!provide]                        PROVIDE (SFRIFG1 = 0x102)
                [!provide]                        PROVIDE (SFRIFG1_L = 0x102)
                [!provide]                        PROVIDE (SFRIFG1_H = 0x103)
                [!provide]                        PROVIDE (SFRRPCR = 0x104)
                [!provide]                        PROVIDE (SFRRPCR_L = 0x104)
                [!provide]                        PROVIDE (SFRRPCR_H = 0x105)
                [!provide]                        PROVIDE (SYSCTL = 0x140)
                [!provide]                        PROVIDE (SYSCTL_L = 0x140)
                [!provide]                        PROVIDE (SYSCTL_H = 0x141)
                [!provide]                        PROVIDE (SYSBSLC = 0x142)
                [!provide]                        PROVIDE (SYSBSLC_L = 0x142)
                [!provide]                        PROVIDE (SYSBSLC_H = 0x143)
                [!provide]                        PROVIDE (SYSJMBC = 0x146)
                [!provide]                        PROVIDE (SYSJMBC_L = 0x146)
                [!provide]                        PROVIDE (SYSJMBC_H = 0x147)
                [!provide]                        PROVIDE (SYSJMBI0 = 0x148)
                [!provide]                        PROVIDE (SYSJMBI0_L = 0x148)
                [!provide]                        PROVIDE (SYSJMBI0_H = 0x149)
                [!provide]                        PROVIDE (SYSJMBI1 = 0x14a)
                [!provide]                        PROVIDE (SYSJMBI1_L = 0x14a)
                [!provide]                        PROVIDE (SYSJMBI1_H = 0x14b)
                [!provide]                        PROVIDE (SYSJMBO0 = 0x14c)
                [!provide]                        PROVIDE (SYSJMBO0_L = 0x14c)
                [!provide]                        PROVIDE (SYSJMBO0_H = 0x14d)
                [!provide]                        PROVIDE (SYSJMBO1 = 0x14e)
                [!provide]                        PROVIDE (SYSJMBO1_L = 0x14e)
                [!provide]                        PROVIDE (SYSJMBO1_H = 0x14f)
                [!provide]                        PROVIDE (SYSBERRIV = 0x158)
                [!provide]                        PROVIDE (SYSBERRIV_L = 0x158)
                [!provide]                        PROVIDE (SYSBERRIV_H = 0x159)
                [!provide]                        PROVIDE (SYSUNIV = 0x15a)
                [!provide]                        PROVIDE (SYSUNIV_L = 0x15a)
                [!provide]                        PROVIDE (SYSUNIV_H = 0x15b)
                [!provide]                        PROVIDE (SYSSNIV = 0x15c)
                [!provide]                        PROVIDE (SYSSNIV_L = 0x15c)
                [!provide]                        PROVIDE (SYSSNIV_H = 0x15d)
                [!provide]                        PROVIDE (SYSRSTIV = 0x15e)
                [!provide]                        PROVIDE (SYSRSTIV_L = 0x15e)
                [!provide]                        PROVIDE (SYSRSTIV_H = 0x15f)
                0x0000000000000160                PROVIDE (SYSCFG0 = 0x160)
                [!provide]                        PROVIDE (SYSCFG0_L = 0x160)
                [!provide]                        PROVIDE (SYSCFG0_H = 0x161)
                [!provide]                        PROVIDE (SYSCFG1 = 0x162)
                [!provide]                        PROVIDE (SYSCFG1_L = 0x162)
                [!provide]                        PROVIDE (SYSCFG1_H = 0x163)
                0x0000000000000164                PROVIDE (SYSCFG2 = 0x164)
                [!provide]                        PROVIDE (SYSCFG2_L = 0x164)
                [!provide]                        PROVIDE (SYSCFG2_H = 0x165)
                0x0000000000000300                PROVIDE (TA0CTL = 0x300)
                0x0000000000000302                PROVIDE (TA0CCTL0 = 0x302)
                [!provide]                        PROVIDE (TA0CCTL1 = 0x304)
                [!provide]                        PROVIDE (TA0CCTL2 = 0x306)
                [!provide]                        PROVIDE (TA0R = 0x310)
                0x0000000000000312                PROVIDE (TA0CCR0 = 0x312)
                [!provide]                        PROVIDE (TA0CCR1 = 0x314)
                [!provide]                        PROVIDE (TA0CCR2 = 0x316)
                [!provide]                        PROVIDE (TA0IV = 0x32e)
                [!provide]                        PROVIDE (TA0EX0 = 0x320)
                [!provide]                        PROVIDE (TA1CTL = 0x340)
                [!provide]                        PROVIDE (TA1CCTL0 = 0x342)
                [!provide]                        PROVIDE (TA1CCTL1 = 0x344)
                [!provide]                        PROVIDE (TA1CCTL2 = 0x346)
                [!provide]                        PROVIDE (TA1R = 0x350)
                [!provide]                        PROVIDE (TA1CCR0 = 0x352)
                [!provide]                        PROVIDE (TA1CCR1 = 0x354)
                [!provide]                        PROVIDE (TA1CCR2 = 0x356)
                [!provide]                        PROVIDE (TA1IV = 0x36e)
                [!provide]                        PROVIDE (TA1EX0 = 0x360)
                [!provide]                        PROVIDE (UCA0CTLW0 = 0x500)
                [!provide]                        PROVIDE (UCA0CTLW0_L = 0x500)
                [!provide]                        PROVIDE (UCA0CTLW0_H = 0x501)
                [!provide]                        PROVIDE (UCA0CTLW1 = 0x502)
                [!provide]                        PROVIDE (UCA0CTLW1_L = 0x502)
                [!provide]                        PROVIDE (UCA0CTLW1_H = 0x503)
                [!provide]                        PROVIDE (UCA0BRW = 0x506)
                [!provide]                        PROVIDE (UCA0BRW_L = 0x506)
                [!provide]                        PROVIDE (UCA0BRW_H = 0x507)
                [!provide]                        PROVIDE (UCA0MCTLW = 0x508)
                [!provide]                        PROVIDE (UCA0MCTLW_L = 0x508)
                [!provide]                        PROVIDE (UCA0MCTLW_H = 0x509)
                [!provide]                        PROVIDE (UCA0STATW = 0x50a)
                [!provide]                        PROVIDE (UCA0RXBUF = 0x50c)
                [!provide]                        PROVIDE (UCA0RXBUF_L = 0x50c)
                [!provide]                        PROVIDE (UCA0RXBUF_H = 0x50d)
                [!provide]                        PROVIDE (UCA0TXBUF = 0x50e)
                [!provide]                        PROVIDE (UCA0TXBUF_L = 0x50e)
                [!provide]                        PROVIDE (UCA0TXBUF_H = 0x50f)
                [!provide]                        PROVIDE (UCA0ABCTL = 0x510)
                [!provide]                        PROVIDE (UCA0IRCTL = 0x512)
                [!provide]                        PROVIDE (UCA0IRCTL_L = 0x512)
                [!provide]                        PROVIDE (UCA0IRCTL_H = 0x513)
                [!provide]                        PROVIDE (UCA0IE = 0x51a)
                [!provide]                        PROVIDE (UCA0IE_L = 0x51a)
                [!provide]                        PROVIDE (UCA0IE_H = 0x51b)
                [!provide]                        PROVIDE (UCA0IFG = 0x51c)
                [!provide]                        PROVIDE (UCA0IFG_L = 0x51c)
                [!provide]                        PROVIDE (UCA0IFG_H = 0x51d)
                [!provide]                        PROVIDE (UCA0IV = 0x51e)
                [!provide]                        PROVIDE (UCB0CTLW0 = 0x540)
                [!provide]                        PROVIDE (UCB0CTLW0_L = 0x540)
                [!provide]                        PROVIDE (UCB0CTLW0_H = 0x541)
                [!provide]                        PROVIDE (UCB0CTLW1 = 0x542)
                [!provide]                        PROVIDE (UCB0CTLW1_L = 0x542)
                [!provide]                        PROVIDE (UCB0CTLW1_H = 0x543)
                [!provide]                        PROVIDE (UCB0BRW = 0x546)
                [!provide]                        PROVIDE (UCB0BRW_L = 0x546)
                [!provide]                        PROVIDE (UCB0BRW_H = 0x547)
                [!provide]                        PROVIDE (UCB0STATW = 0x548)
                [!provide]                        PROVIDE (UCB0STATW_L = 0x548)
                [!provide]                        PROVIDE (UCB0STATW_H = 0x549)
                [!provide]                        PROVIDE (UCB0TBCNT = 0x54a)
                [!provide]                        PROVIDE (UCB0TBCNT_L = 0x54a)
                [!provide]                        PROVIDE (UCB0TBCNT_H = 0x54b)
                [!provide]                        PROVIDE (UCB0RXBUF = 0x54c)
                [!provide]                        PROVIDE (UCB0RXBUF_L = 0x54c)
                [!provide]                        PROVIDE (UCB0RXBUF_H = 0x54d)
                [!provide]                        PROVIDE (UCB0TXBUF = 0x54e)
                [!provide]                        PROVIDE (UCB0TXBUF_L = 0x54e)
                [!provide]                        PROVIDE (UCB0TXBUF_H = 0x54f)
                [!provide]                        PROVIDE (UCB0I2COA0 = 0x554)
                [!provide]                        PROVIDE (UCB0I2COA0_L = 0x554)
                [!provide]                        PROVIDE (UCB0I2COA0_H = 0x555)
                [!provide]                        PROVIDE (UCB0I2COA1 = 0x556)
                [!provide]                        PROVIDE (UCB0I2COA1_L = 0x556)
                [!provide]                        PROVIDE (UCB0I2COA1_H = 0x557)
                [!provide]                        PROVIDE (UCB0I2COA2 = 0x558)
                [!provide]                        PROVIDE (UCB0I2COA2_L = 0x558)
                [!provide]                        PROVIDE (UCB0I2COA2_H = 0x559)
                [!provide]                        PROVIDE (UCB0I2COA3 = 0x55a)
                [!provide]                        PROVIDE (UCB0I2COA3_L = 0x55a)
                [!provide]                        PROVIDE (UCB0I2COA3_H = 0x55b)
                [!provide]                        PROVIDE (UCB0ADDRX = 0x55c)
                [!provide]                        PROVIDE (UCB0ADDRX_L = 0x55c)
                [!provide]                        PROVIDE (UCB0ADDRX_H = 0x55d)
                [!provide]                        PROVIDE (UCB0ADDMASK = 0x55e)
                [!provide]                        PROVIDE (UCB0ADDMASK_L = 0x55e)
                [!provide]                        PROVIDE (UCB0ADDMASK_H = 0x55f)
                [!provide]                        PROVIDE (UCB0I2CSA = 0x560)
                [!provide]                        PROVIDE (UCB0I2CSA_L = 0x560)
                [!provide]                        PROVIDE (UCB0I2CSA_H = 0x561)
                [!provide]                        PROVIDE (UCB0IE = 0x56a)
                [!provide]                        PROVIDE (UCB0IE_L = 0x56a)
                [!provide]                        PROVIDE (UCB0IE_H = 0x56b)
                [!provide]                        PROVIDE (UCB0IFG = 0x56c)
                [!provide]                        PROVIDE (UCB0IFG_L = 0x56c)
                [!provide]                        PROVIDE (UCB0IFG_H = 0x56d)
                [!provide]                        PROVIDE (UCB0IV = 0x56e)
                0x00000000000001cc                PROVIDE (WDTCTL = 0x1cc)
                [!provide]                        PROVIDE (WDTCTL_L = 0x1cc)
                [!provide]                        PROVIDE (WDTCTL_H = 0x1cd)
LOAD <TOOLCHAIN>/bin/../lib/gcc/msp430-elf/9.3.1/libgcc.a
LOAD <TOOLCHAIN>/bin/../lib/gcc/msp430-elf/9.3.1/crtend_no_eh.o
LOAD <TOOLCHAIN>/bin/../lib/gcc/msp430-elf/9.3.1/libgcc.a
OUTPUT(click-counter-Q2-lcd-check.elf elf32-msp430)
