Drill report for click-counter-Q1.kicad_pcb
Created on 2026-09-15T01:53:16

Copper Layer Stackup:
    =============================================================
    L1 :  F.Cu                      front
    L2 :  In1.Cu                    in1
    L3 :  In2.Cu                    in2
    L4 :  B.Cu                      back


Drill file 'click-counter-Q1-PTH.drl' contains
    plated through holes:
    =============================================================
    T1  0.300mm  0.0118"  (74 holes))
    T2  0.600mm  0.0236"  (4 holes)  (with 4 slots)
    T3  1.500mm  0.0591"  (4 holes))
    T4  1.700mm  0.0669"  (20 holes))

    Total plated holes count 102


Drill file 'click-counter-Q1-NPTH.drl' contains
    unplated through holes:
    =============================================================
    T1  0.650mm  0.0256"  (2 holes))
    T2  1.700mm  0.0669"  (4 holes))
    T3  2.200mm  0.0866"  (2 holes))
    T4  4.000mm  0.1575"  (2 holes))

    Total unplated holes count 10
